---
source: shellclear/tests/sensitive-patterns_test.rs
expression: results
---
[
    TestPatternResult {
        name: "detect GitHub Personal Token",
        test: "ghp_shellclear1shellclear2shellclear3shellclear",
        detect: "ghp_shellclear1shellclear2shellclear3she",
        expected: "ghp_shellclear1shellclear2shellclear3she",
    },
]
