---
source: shellclear/tests/sensitive-patterns_test.rs
expression: results
---
[
    TestPatternResult {
        name: "detect Slack Webhook",
        test: "https://hooks.slack.com/services/shellclearSHELLCLEAR12345SHELLCLEARSHELLCLEAR",
        detect: "shellclearSHELLCLEAR12345SHELLCLEARSHELLCLEAR",
        expected: "shellclearSHELLCLEAR12345SHELLCLEARSHELLCLEAR",
    },
]
