---
source: shellclear/src/engine.rs
assertion_line: 314
expression: result
---
Ok(
    (
        [
            FindingSensitiveCommands {
                shell_type: Fish,
                sensitive_findings: [],
                command: "history",
                data: "---\ncmd: history\nwhen: \"1656438759\"\n",
                secrets: [],
            },
            FindingSensitiveCommands {
                shell_type: Fish,
                sensitive_findings: [],
                command: "ls",
                data: "---\ncmd: ls\nwhen: \"1656438760\"\n",
                secrets: [],
            },
            FindingSensitiveCommands {
                shell_type: Fish,
                sensitive_findings: [],
                command: "echo 'hello you'",
                data: "---\ncmd: \"echo 'hello you'\"\nwhen: \"1656438760\"\n",
                secrets: [],
            },
            FindingSensitiveCommands {
                shell_type: Fish,
                sensitive_findings: [],
                command: "rm -f ./file.txt",
                data: "---\ncmd: rm -f ./file.txt\nwhen: \"1656438760\"\n",
                secrets: [],
            },
            FindingSensitiveCommands {
                shell_type: Fish,
                sensitive_findings: [
                    SensitiveCommands {
                        test: FIND_ME=,
                        name: "Find me",
                        secret_group: 0,
                        id: "",
                    },
                ],
                command: "export FI******token",
                data: "---\ncmd: export FI******token\nwhen: \"1656438760\"\n",
                secrets: [
                    "FIND_ME=",
                ],
            },
        ],
        [
            FindingSensitiveCommands {
                shell_type: Fish,
                sensitive_findings: [
                    SensitiveCommands {
                        test: FIND_ME=,
                        name: "Find me",
                        secret_group: 0,
                        id: "",
                    },
                ],
                command: "export FI******token",
                data: "---\ncmd: export FI******token\nwhen: \"1656438760\"\n",
                secrets: [
                    "FIND_ME=",
                ],
            },
        ],
    ),
)
