---
source: shellclear/src/exporter/table.rs
expression: "str::from_utf8(&out).unwrap().replace(\"\\r\\n\", \"\\n\")"
---
"+---+-------+------------+--------------+\n| # | Shell | Name       | Command      |\n+---+-------+------------+--------------+\n| 1 | Zshrc | test name  | test command |\n|   |       | test name2 |              |\n+---+-------+------------+--------------+\n"
